
Starting admit-normal / Spark

Completed admit-normal: 9 tokens / 5030ms / stop=0

Starting admit-exact-cache / Spark

Completed admit-exact-cache: 9 tokens / 1438ms / stop=0

Starting admit-empty-system-unicode / Spark

Completed admit-empty-system-unicode: 8 tokens / 4061ms / stop=1

Starting admit-literal-control-text / Spark

Completed admit-literal-control-text: 1 tokens / 5921ms / stop=1

Starting admit-sliding-base / Spark

Completed admit-sliding-base: 4 tokens / 61770ms / stop=0

Starting admit-sliding-exact / Spark

Completed admit-sliding-exact: 4 tokens / 679ms / stop=0

Starting admit-sliding-partial / Spark

Completed admit-sliding-partial: 4 tokens / 4804ms / stop=0

Starting admit-sliding-cold / Spark

Completed admit-sliding-cold: 4 tokens / 61709ms / stop=0

Starting admit-sliding-evicted-rewind / Spark

Completed admit-sliding-evicted-rewind: 4 tokens / 63574ms / stop=0

Starting admit-sliding-rewind-cold / Spark

Completed admit-sliding-rewind-cold: 4 tokens / 63365ms / stop=0

Starting admit-full-cache-reference / Spark

Completed admit-full-cache-reference: 4 tokens / 62098ms / stop=0

FAIL candidate: java.lang.AssertionError: Compact and full SWA cache reference text/logit parity
	at dev.outpost.app.CandidateChecks.require(CandidateChecks.java:33)
	at dev.outpost.app.CandidateChecks.admission(CandidateChecks.java:123)
	at dev.outpost.app.CandidateChecks.run(CandidateChecks.java:59)
	at dev.outpost.app.GenerationInstrumentation.onStart(GenerationInstrumentation.java:66)
	at android.app.Instrumentation$InstrumentationThread.run(Instrumentation.java:2594)

