
Starting curve/reference-tokens / depth 0

Completed curve/reference-tokens: 32 tokens, 0 verify windows, 0 accepted / 0 proposed

Starting curve/prefix0 / depth 0

Completed curve/prefix0: 1 tokens, 0 verify windows, 0 accepted / 0 proposed

Curve context 66 / verify workers 6 / rows 1,2,4,8

Curve context 66 / verify workers 4 / rows 1,2,4,8

Starting curve/cache-after-audit0 / depth 0

Completed curve/cache-after-audit0: 1 tokens, 0 verify windows, 0 accepted / 0 proposed

Starting curve/prefix1 / depth 0

Completed curve/prefix1: 1 tokens, 0 verify windows, 0 accepted / 0 proposed

Curve context 466 / verify workers 4 / rows 1,2,4,8

Curve context 466 / verify workers 6 / rows 1,2,4,8

Starting curve/cache-after-audit1 / depth 0

Completed curve/cache-after-audit1: 1 tokens, 0 verify windows, 0 accepted / 0 proposed

Starting curve/prefix2 / depth 0

Completed curve/prefix2: 1 tokens, 0 verify windows, 0 accepted / 0 proposed

Curve context 1066 / verify workers 6 / rows 1,2,4,8

Curve context 1066 / verify workers 4 / rows 1,2,4,8

Starting curve/cache-after-audit2 / depth 0

Completed curve/cache-after-audit2: 1 tokens, 0 verify windows, 0 accepted / 0 proposed

Starting curve/prefix3 / depth 0

Completed curve/prefix3: 1 tokens, 0 verify windows, 0 accepted / 0 proposed

Curve context 1666 / verify workers 4 / rows 1,2,4,8

Curve context 1666 / verify workers 6 / rows 1,2,4,8

Starting curve/cache-after-audit3 / depth 0

Completed curve/cache-after-audit3: 1 tokens, 0 verify windows, 0 accepted / 0 proposed

PASS ARM spec-curve: 72 controls.

