
Starting admit-normal / Spark

Completed admit-normal: 9 tokens / 2724ms / stop=0

Starting admit-exact-cache / Spark

Completed admit-exact-cache: 9 tokens / 652ms / stop=0

Starting admit-empty-system-unicode / Spark

Completed admit-empty-system-unicode: 8 tokens / 1701ms / stop=1

Starting admit-literal-control-text / Spark

Completed admit-literal-control-text: 1 tokens / 2667ms / stop=1

Starting admit-sliding-base / Spark

Completed admit-sliding-base: 4 tokens / 30136ms / stop=0

Starting admit-sliding-exact / Spark

Completed admit-sliding-exact: 4 tokens / 418ms / stop=0

Starting admit-sliding-partial / Spark

Completed admit-sliding-partial: 4 tokens / 2643ms / stop=0

Starting admit-sliding-cold / Spark

Completed admit-sliding-cold: 4 tokens / 35669ms / stop=0

Starting admit-sliding-evicted-rewind / Spark

Completed admit-sliding-evicted-rewind: 4 tokens / 32615ms / stop=0

Starting admit-sliding-rewind-cold / Spark

Completed admit-sliding-rewind-cold: 4 tokens / 37404ms / stop=0

Starting admit-cancel / Spark

Completed admit-cancel: 3 tokens / 2062ms / stop=2

Starting admit-recovery / Spark

Completed admit-recovery: 9 tokens / 5868ms / stop=0

Starting admit-spark-sampled / Spark

Completed admit-spark-sampled: 9 tokens / 2883ms / stop=0

Starting admit-bonsai-switch / Bonsai

Completed admit-bonsai-switch: 9 tokens / 6531ms / stop=0

Starting admit-spark-switch-back / Spark

Completed admit-spark-switch-back: 9 tokens / 4374ms / stop=0

PASS candidate admission: 23 execution checks; review recorded answers separately.

