
Starting admit-normal / Spark

Completed admit-normal: 9 tokens / 3230ms / stop=0

Starting admit-exact-cache / Spark

Completed admit-exact-cache: 9 tokens / 748ms / stop=0

Starting admit-empty-system-unicode / Spark

Completed admit-empty-system-unicode: 8 tokens / 2127ms / stop=1

Starting admit-literal-control-text / Spark

Completed admit-literal-control-text: 1 tokens / 3414ms / stop=1

Starting admit-sliding-base / Spark

Completed admit-sliding-base: 4 tokens / 37984ms / stop=0

Starting admit-sliding-exact / Spark

Completed admit-sliding-exact: 4 tokens / 592ms / stop=0

Starting admit-sliding-partial / Spark

Completed admit-sliding-partial: 4 tokens / 2958ms / stop=0

Starting admit-sliding-cold / Spark

Completed admit-sliding-cold: 4 tokens / 37967ms / stop=0

Starting admit-sliding-evicted-rewind / Spark

Completed admit-sliding-evicted-rewind: 4 tokens / 34131ms / stop=0

Starting admit-sliding-rewind-cold / Spark

Completed admit-sliding-rewind-cold: 4 tokens / 37822ms / stop=0

Starting admit-cancel / Spark

Completed admit-cancel: 3 tokens / 2031ms / stop=2

Starting admit-recovery / Spark

Completed admit-recovery: 9 tokens / 2766ms / stop=0

Starting admit-spark-sampled / Spark

Completed admit-spark-sampled: 9 tokens / 2810ms / stop=0

Starting admit-bonsai-switch / Bonsai

Completed admit-bonsai-switch: 9 tokens / 7013ms / stop=0

Starting admit-spark-switch-back / Spark

Completed admit-spark-switch-back: 9 tokens / 3605ms / stop=0

PASS candidate admission: 23 execution checks; review recorded answers separately.

